// Jest Snapshot v1, https://goo.gl/fbAQLP

exports[`SearchResults renders correctly 1`] = `
<View
  style={
    Object {
      "backgroundColor": "#fff",
      "flex": 1,
      "height": 1334,
    }
  }
/>
`;

exports[`SearchResults renders correctly with results 1`] = `
<View
  style={
    Object {
      "backgroundColor": "#fff",
      "flex": 1,
      "height": 1334,
    }
  }
>
  <RCTScrollView
    data={
      Array [
        Object {
          "abv": 6,
          "attenuation_level": 82.14,
          "boil_volume": Object {
            "unit": "liters",
            "value": 25,
          },
          "brewers_tips": "While it may surprise you, this version of Punk IPA isn't dry hopped but still packs a punch! To make the best of the aroma hops make sure they are fully submerged and add them just before knock out for an intense hop hit.",
          "contributed_by": "Sam Mason <samjbmason>",
          "description": "Our flagship beer that kick started the craft beer revolution. This is James and Martin's original take on an American IPA, subverted with punchy New Zealand hops. Layered with new world hops to create an all-out riot of grapefruit, pineapple and lychee before a spiky, mouth-puckering bitter finish.",
          "ebc": 17,
          "first_brewed": "04/2007",
          "food_pairing": Array [
            "Spicy carne asada with a pico de gallo sauce",
            "Shredded chicken tacos with a mango chilli lime salsa",
            "Cheesecake with a passion fruit swirl sauce",
          ],
          "ibu": 60,
          "id": 192,
          "image_url": "https://images.punkapi.com/v2/192.png",
          "ingredients": Object {
            "hops": Array [
              Object {
                "add": "start",
                "amount": Object {
                  "unit": "grams",
                  "value": 17.5,
                },
                "attribute": "bitter",
                "name": "Ahtanum",
              },
              Object {
                "add": "start",
                "amount": Object {
                  "unit": "grams",
                  "value": 15,
                },
                "attribute": "bitter",
                "name": "Chinook",
              },
            ],
            "malt": Array [
              Object {
                "amount": Object {
                  "unit": "kilograms",
                  "value": 5.3,
                },
                "name": "Extra Pale",
              },
            ],
            "yeast": "Wyeast 1056 - American Aleâ„¢",
          },
          "method": Object {
            "fermentation": Object {
              "temp": Object {
                "unit": "celsius",
                "value": 19,
              },
            },
            "mash_temp": Array [
              Object {
                "duration": 75,
                "temp": Object {
                  "unit": "celsius",
                  "value": 65,
                },
              },
            ],
            "twist": null,
          },
          "name": "Punk IPA 2007 - 2010",
          "ph": 4.4,
          "srm": 8.5,
          "tagline": "Post Modern Classic. Spiky. Tropical. Hoppy.",
          "target_fg": 1010,
          "target_og": 1056,
          "volume": Object {
            "unit": "liters",
            "value": 20,
          },
        },
      ]
    }
    disableVirtualization={false}
    getItem={[Function]}
    getItemCount={[Function]}
    horizontal={false}
    initialNumToRender={10}
    keyExtractor={[Function]}
    maxToRenderPerBatch={10}
    numColumns={1}
    onContentSizeChange={[Function]}
    onEndReachedThreshold={2}
    onLayout={[Function]}
    onMomentumScrollEnd={[Function]}
    onScroll={[Function]}
    onScrollBeginDrag={[Function]}
    onScrollEndDrag={[Function]}
    removeClippedSubviews={false}
    renderItem={[Function]}
    scrollEventThrottle={50}
    stickyHeaderIndices={Array []}
    style={
      Object {
        "flex": 1,
        "width": 750,
      }
    }
    updateCellsBatchingPeriod={50}
    viewabilityConfigCallbackPairs={Array []}
    windowSize={21}
  >
    <View>
      <View
        onLayout={[Function]}
        style={null}
      >
        <View
          accessible={true}
          isTVSelectable={true}
          onResponderGrant={[Function]}
          onResponderMove={[Function]}
          onResponderRelease={[Function]}
          onResponderTerminate={[Function]}
          onResponderTerminationRequest={[Function]}
          onStartShouldSetResponder={[Function]}
          style={null}
        >
          <View
            style={
              Object {
                "alignItems": "center",
                "backgroundColor": "transparent",
                "borderBottomWidth": 0.5,
                "borderColor": "#c9c9c9",
                "flexDirection": "row",
                "marginLeft": 16,
                "paddingBottom": 13,
                "paddingRight": 16,
                "paddingTop": 13,
              }
            }
          >
            <Text
              style={
                Object {
                  "alignSelf": "center",
                  "color": "#000",
                  "fontFamily": "System",
                  "fontSize": 16,
                }
              }
              uppercase={false}
            >
              Punk IPA 2007 - 2010
            </Text>
          </View>
        </View>
      </View>
    </View>
  </RCTScrollView>
</View>
`;
