// Jest Snapshot v1, https://goo.gl/fbAQLP

exports[`App renders correctly 1`] = `
<View
  style={
    Object {
      "backgroundColor": "#fff",
      "flex": 1,
      "height": 1334,
    }
  }
>
  <View
    onLayout={[Function]}
  >
    <View
      style={
        Object {
          "backgroundColor": "#F8F8F8",
          "borderBottomColor": "#a7a6ab",
          "borderBottomWidth": 0.5,
          "elevation": 3,
          "flexDirection": "row",
          "height": 64,
          "justifyContent": "center",
          "left": 0,
          "paddingLeft": 6,
          "paddingRight": 10,
          "paddingTop": 18,
          "right": 0,
          "shadowColor": undefined,
          "shadowOffset": undefined,
          "shadowOpacity": undefined,
          "shadowRadius": undefined,
          "top": 0,
        }
      }
    >
      <View
        style={
          Object {
            "alignItems": "flex-start",
            "alignSelf": "center",
            "flex": 1,
          }
        }
      >
        <View
          accessible={true}
          isTVSelectable={true}
          onResponderGrant={[Function]}
          onResponderMove={[Function]}
          onResponderRelease={[Function]}
          onResponderTerminate={[Function]}
          onResponderTerminationRequest={[Function]}
          onStartShouldSetResponder={[Function]}
          style={
            Object {
              "alignItems": "center",
              "alignSelf": null,
              "backgroundColor": "transparent",
              "borderBottomWidth": null,
              "borderColor": null,
              "borderLeftWidth": null,
              "borderRadius": 5,
              "borderRightWidth": null,
              "borderTopWidth": null,
              "borderWidth": undefined,
              "elevation": 0,
              "flexDirection": "row",
              "height": 45,
              "justifyContent": "space-between",
              "marginLeft": -3,
              "opacity": 1,
              "paddingBottom": 6,
              "paddingLeft": 4,
              "paddingRight": 6,
              "paddingTop": 6,
              "shadowColor": null,
              "shadowOffset": null,
              "shadowOpacity": null,
              "shadowRadius": null,
            }
          }
        >
          <Text
            allowFontScaling={false}
            style={
              Array [
                Object {
                  "color": undefined,
                  "fontSize": 12,
                },
                Array [
                  Object {
                    "color": "#000",
                    "fontSize": 30,
                  },
                  Object {
                    "color": "#007aff",
                    "fontSize": 34,
                    "marginLeft": 1,
                    "marginRight": 2,
                    "marginTop": 0,
                    "paddingTop": 1,
                  },
                ],
                Object {
                  "fontFamily": "Ionicons",
                  "fontStyle": "normal",
                  "fontWeight": "normal",
                },
                Object {},
              ]
            }
          >
            ï‡ƒ
          </Text>
        </View>
      </View>
      <View
        style={
          Object {
            "alignItems": "center",
            "alignSelf": "center",
            "flex": 1,
          }
        }
      >
        <Text
          numberOfLines={1}
          style={
            Object {
              "color": "#000",
              "fontFamily": "System",
              "fontSize": 17,
              "fontWeight": "700",
              "marginLeft": undefined,
              "paddingLeft": 4,
              "paddingTop": 1,
              "textAlign": "center",
            }
          }
        >
          Header
        </Text>
      </View>
      <View
        style={
          Object {
            "alignItems": "flex-end",
            "alignSelf": "center",
            "flex": 1,
            "flexDirection": "row",
            "justifyContent": "flex-end",
          }
        }
      />
    </View>
  </View>
  <RCTScrollView
    automaticallyAdjustContentInsets={false}
    contentContainerStyle={
      Array [
        Object {
          "padding": undefined,
        },
        undefined,
      ]
    }
    contentInset={
      Object {
        "bottom": 0,
      }
    }
    enableAutomaticScroll={true}
    enableOnAndroid={false}
    enableResetScrollToCoords={true}
    extraHeight={75}
    extraScrollHeight={0}
    getScrollResponder={[Function]}
    handleOnScroll={[Function]}
    keyboardDismissMode="interactive"
    keyboardOpeningTime={250}
    keyboardShouldPersistTaps="handled"
    keyboardSpace={0}
    onScroll={[Function]}
    resetKeyboardSpace={[Function]}
    resetScrollToCoords={
      Object {
        "x": 0,
        "y": 0,
      }
    }
    scrollEventThrottle={1}
    scrollForExtraHeightOnAndroid={[Function]}
    scrollIntoView={[Function]}
    scrollToEnd={[Function]}
    scrollToFocusedInput={[Function]}
    scrollToPosition={[Function]}
    showsVerticalScrollIndicator={true}
    style={
      Object {
        "backgroundColor": "transparent",
        "flex": 1,
      }
    }
    update={[Function]}
    viewIsInsideTabBar={false}
  >
    <View>
      <Text
        style={
          Object {
            "color": "#000",
            "fontFamily": "System",
            "fontSize": 16,
          }
        }
        uppercase={false}
      >
        Press Cmd+R to reload,
Cmd+D or shake for dev menu
      </Text>
      <View
        style={
          Object {
            "backgroundColor": "#fff",
            "flex": 1,
            "height": 1334,
          }
        }
      >
        <View
          style={Object {}}
        >
          <View
            accessible={true}
            isTVSelectable={true}
            onResponderGrant={[Function]}
            onResponderMove={[Function]}
            onResponderRelease={[Function]}
            onResponderTerminate={[Function]}
            onResponderTerminationRequest={[Function]}
            onStartShouldSetResponder={[Function]}
            style={
              Object {
                "alignItems": "center",
                "backgroundColor": "transparent",
                "borderBottomWidth": 1,
                "borderColor": "#D9D5DC",
                "borderLeftWidth": 0,
                "borderRadius": undefined,
                "borderRightWidth": 0,
                "borderTopWidth": 0,
                "borderWidth": undefined,
                "flexDirection": "row",
                "marginLeft": 15,
                "marginTop": 15,
                "opacity": 1,
              }
            }
          >
            <View
              style={
                Object {
                  "left": 0,
                  "opacity": 1,
                  "paddingBottom": undefined,
                  "paddingTop": undefined,
                  "position": "absolute",
                  "right": 0,
                  "top": 18,
                }
              }
            >
              <Text
                style={
                  Object {
                    "color": "#575757",
                    "fontSize": 17,
                    "left": 0,
                    "paddingRight": 5,
                    "paddingTop": 5,
                    "top": 6,
                  }
                }
              >
                <Text
                  style={
                    Object {
                      "fontSize": 17,
                    }
                  }
                >
                  Search for beers
                </Text>
              </Text>
            </View>
            <TextInput
              allowFontScaling={true}
              editable={true}
              onBlur={[Function]}
              onChangeText={[Function]}
              onFocus={[Function]}
              placeholderTextColor="#575757"
              rejectResponderTermination={true}
              style={
                Object {
                  "color": "#000",
                  "flex": 1,
                  "fontSize": 17,
                  "height": 50,
                  "marginLeft": null,
                  "paddingBottom": 7,
                  "paddingLeft": null,
                  "paddingRight": 5,
                  "paddingTop": 3,
                  "top": 10,
                }
              }
              testID="text-input"
              underlineColorAndroid="rgba(0,0,0,0)"
              value=""
            />
          </View>
          <View
            accessible={true}
            isTVSelectable={true}
            onResponderGrant={[Function]}
            onResponderMove={[Function]}
            onResponderRelease={[Function]}
            onResponderTerminate={[Function]}
            onResponderTerminationRequest={[Function]}
            onStartShouldSetResponder={[Function]}
            style={
              Object {
                "alignItems": "center",
                "alignSelf": "flex-start",
                "backgroundColor": "#b5b5b5",
                "borderBottomWidth": null,
                "borderColor": "#007aff",
                "borderLeftWidth": null,
                "borderRadius": 5,
                "borderRightWidth": null,
                "borderTopWidth": null,
                "borderWidth": undefined,
                "elevation": 2,
                "flexDirection": "row",
                "height": 45,
                "justifyContent": "space-between",
                "opacity": 1,
                "paddingBottom": 6,
                "paddingTop": 6,
                "shadowColor": undefined,
                "shadowOffset": undefined,
                "shadowOpacity": undefined,
                "shadowRadius": undefined,
              }
            }
            testID="search-btn"
          >
            <Text
              style={
                Object {
                  "backgroundColor": "transparent",
                  "color": "#fff",
                  "fontFamily": "System",
                  "fontSize": 16.5,
                  "marginLeft": 0,
                  "marginRight": 0,
                  "paddingLeft": 16,
                  "paddingRight": 16,
                }
              }
              uppercase={false}
            >
              Search
            </Text>
          </View>
        </View>
        <View
          style={
            Object {
              "backgroundColor": "#fff",
              "flex": 1,
              "height": 1334,
            }
          }
        />
      </View>
    </View>
  </RCTScrollView>
  <View
    style={
      Object {
        "backgroundColor": "#F8F8F8",
        "borderColor": "#cbcbcb",
        "borderTopWidth": 0.5,
        "elevation": 3,
        "flexDirection": "row",
        "height": 55,
        "justifyContent": "center",
        "left": 0,
        "paddingBottom": 0,
        "right": 0,
      }
    }
  >
    <View
      style={
        Object {
          "alignSelf": "stretch",
          "backgroundColor": undefined,
          "flex": 1,
          "flexDirection": "row",
          "justifyContent": "space-between",
        }
      }
    >
      <View
        accessible={true}
        isTVSelectable={true}
        onResponderGrant={[Function]}
        onResponderMove={[Function]}
        onResponderRelease={[Function]}
        onResponderTerminate={[Function]}
        onResponderTerminationRequest={[Function]}
        onStartShouldSetResponder={[Function]}
        style={
          Object {
            "alignItems": "center",
            "alignSelf": "stretch",
            "backgroundColor": "transparent",
            "borderBottomWidth": null,
            "borderColor": null,
            "borderLeftWidth": null,
            "borderRadius": 0,
            "borderRightWidth": null,
            "borderTopWidth": null,
            "borderWidth": undefined,
            "elevation": 0,
            "flex": 1,
            "flexDirection": null,
            "height": 55,
            "justifyContent": "center",
            "opacity": 1,
            "paddingBottom": 6,
            "paddingTop": 6,
            "shadowColor": null,
            "shadowOffset": null,
            "shadowOpacity": null,
            "shadowRadius": null,
          }
        }
      >
        <Text
          style={
            Object {
              "backgroundColor": "transparent",
              "color": "#6b6b6b",
              "fontFamily": "System",
              "fontSize": 14,
              "lineHeight": 16,
              "marginLeft": 0,
              "marginRight": 0,
              "paddingLeft": 16,
              "paddingRight": 16,
            }
          }
          uppercase={false}
        >
          Footer
        </Text>
      </View>
    </View>
  </View>
</View>
`;
