// Jest Snapshot v1, https://goo.gl/fbAQLP

exports[`SearchForm renders correctly 1`] = `
<View
  style={
    Object {
      "backgroundColor": "#fff",
      "flex": 1,
      "height": 1334,
    }
  }
>
  <View
    style={Object {}}
  >
    <View
      accessible={true}
      isTVSelectable={true}
      onResponderGrant={[Function]}
      onResponderMove={[Function]}
      onResponderRelease={[Function]}
      onResponderTerminate={[Function]}
      onResponderTerminationRequest={[Function]}
      onStartShouldSetResponder={[Function]}
      style={
        Object {
          "alignItems": "center",
          "backgroundColor": "transparent",
          "borderBottomWidth": 1,
          "borderColor": "#D9D5DC",
          "borderLeftWidth": 0,
          "borderRadius": undefined,
          "borderRightWidth": 0,
          "borderTopWidth": 0,
          "borderWidth": undefined,
          "flexDirection": "row",
          "marginLeft": 15,
          "marginTop": 15,
          "opacity": 1,
        }
      }
    >
      <View
        style={
          Object {
            "left": 0,
            "opacity": 1,
            "paddingBottom": undefined,
            "paddingTop": undefined,
            "position": "absolute",
            "right": 0,
            "top": 18,
          }
        }
      >
        <Text
          style={
            Object {
              "color": "#575757",
              "fontSize": 17,
              "left": 0,
              "paddingRight": 5,
              "paddingTop": 5,
              "top": 6,
            }
          }
        >
          <Text
            style={
              Object {
                "fontSize": 17,
              }
            }
          >
            Search for beers
          </Text>
        </Text>
      </View>
      <TextInput
        allowFontScaling={true}
        editable={true}
        onBlur={[Function]}
        onChangeText={[Function]}
        onFocus={[Function]}
        placeholderTextColor="#575757"
        rejectResponderTermination={true}
        style={
          Object {
            "color": "#000",
            "flex": 1,
            "fontSize": 17,
            "height": 50,
            "marginLeft": null,
            "paddingBottom": 7,
            "paddingLeft": null,
            "paddingRight": 5,
            "paddingTop": 3,
            "top": 10,
          }
        }
        testID="text-input"
        underlineColorAndroid="rgba(0,0,0,0)"
        value=""
      />
    </View>
    <View
      accessible={true}
      isTVSelectable={true}
      onResponderGrant={[Function]}
      onResponderMove={[Function]}
      onResponderRelease={[Function]}
      onResponderTerminate={[Function]}
      onResponderTerminationRequest={[Function]}
      onStartShouldSetResponder={[Function]}
      style={
        Object {
          "alignItems": "center",
          "alignSelf": "flex-start",
          "backgroundColor": "#b5b5b5",
          "borderBottomWidth": null,
          "borderColor": "#007aff",
          "borderLeftWidth": null,
          "borderRadius": 5,
          "borderRightWidth": null,
          "borderTopWidth": null,
          "borderWidth": undefined,
          "elevation": 2,
          "flexDirection": "row",
          "height": 45,
          "justifyContent": "space-between",
          "opacity": 1,
          "paddingBottom": 6,
          "paddingTop": 6,
          "shadowColor": undefined,
          "shadowOffset": undefined,
          "shadowOpacity": undefined,
          "shadowRadius": undefined,
        }
      }
      testID="search-btn"
    >
      <Text
        style={
          Object {
            "backgroundColor": "transparent",
            "color": "#fff",
            "fontFamily": "System",
            "fontSize": 16.5,
            "marginLeft": 0,
            "marginRight": 0,
            "paddingLeft": 16,
            "paddingRight": 16,
          }
        }
        uppercase={false}
      >
        Search
      </Text>
    </View>
  </View>
  <View
    style={
      Object {
        "backgroundColor": "#fff",
        "flex": 1,
        "height": 1334,
      }
    }
  />
</View>
`;
